[
  {
    "test_name": "CRED_ACQ",
    "event": {
      "@timestamp": "2017-04-26T15:17:01.115Z",
      "sequence": 21416,
      "category": "user-login",
      "record_type": "cred_acq",
      "result": "success",
      "session": "unset",
      "summary": {
        "actor": {
          "primary": "unset",
          "secondary": "root"
        },
        "action": "acquired-credentials",
        "object": {
          "type": "user-session",
          "primary": "cron"
        },
        "how": "/usr/sbin/cron"
      },
      "user": {
        "ids": {
          "auid": "unset",
          "uid": "0"
        }
      },
      "process": {
        "pid": "10665",
        "exe": "/usr/sbin/cron"
      },
      "data": {
        "acct": "root",
        "op": "PAM:setcred",
        "terminal": "cron"
      },
      "ecs": {
        "event": {
          "category": [
            "authentication"
          ],
          "type": [
            "info"
          ]
        }
      }
    },
    "warnings": [
      "failed to set object secondary using keys=[addr hostname] because they were not found"
    ]
  },
  {
    "test_name": "CRED_DISP",
    "event": {
      "@timestamp": "2017-04-26T14:17:01.101Z",
      "sequence": 21264,
      "category": "user-login",
      "record_type": "cred_disp",
      "result": "success",
      "session": "38",
      "summary": {
        "actor": {
          "primary": "0",
          "secondary": "root"
        },
        "action": "disposed-credentials",
        "object": {
          "type": "user-session",
          "primary": "cron"
        },
        "how": "/usr/sbin/cron"
      },
      "user": {
        "ids": {
          "auid": "0",
          "uid": "0"
        }
      },
      "process": {
        "pid": "10631",
        "exe": "/usr/sbin/cron"
      },
      "data": {
        "acct": "root",
        "op": "PAM:setcred",
        "terminal": "cron"
      },
      "ecs": {
        "event": {
          "category": [
            "authentication"
          ],
          "type": [
            "info"
          ]
        }
      }
    },
    "warnings": [
      "failed to set object secondary using keys=[addr hostname] because they were not found"
    ]
  },
  {
    "test_name": "EXECVE with multiple keys",
    "event": {
      "@timestamp": "2018-01-11T22:02:42.888Z",
      "sequence": 124507,
      "category": "audit-rule",
      "record_type": "syscall",
      "result": "success",
      "session": "194",
      "tags": [
        "exec",
        "64bit"
      ],
      "summary": {
        "actor": {
          "primary": "1002",
          "secondary": "0"
        },
        "action": "executed",
        "object": {
          "type": "file",
          "primary": "/usr/bin/docker"
        },
        "how": "/usr/bin/docker"
      },
      "user": {
        "ids": {
          "auid": "1002",
          "egid": "0",
          "euid": "0",
          "fsgid": "0",
          "fsuid": "0",
          "gid": "0",
          "sgid": "0",
          "suid": "0",
          "uid": "0"
        }
      },
      "process": {
        "pid": "5821",
        "ppid": "5820",
        "title": "docker inspect 721df12151a7",
        "name": "docker",
        "exe": "/usr/bin/docker",
        "cwd": "/home/andrew_kroh",
        "args": [
          "docker",
          "inspect",
          "721df12151a7"
        ]
      },
      "file": {
        "path": "/usr/bin/docker",
        "device": "00:00",
        "inode": "16571",
        "mode": "0755",
        "uid": "0",
        "gid": "0"
      },
      "data": {
        "a0": "55dccab18ea8",
        "a1": "55dccab2bcc8",
        "a2": "55dccab26f20",
        "a3": "7f6a0e06682c",
        "arch": "x86_64",
        "argc": "3",
        "exit": "0",
        "syscall": "execve",
        "tty": "pts1"
      },
      "paths": [
        {
          "dev": "08:01",
          "inode": "16571",
          "item": "0",
          "mode": "0100755",
          "name": "/usr/bin/docker",
          "nametype": "NORMAL",
          "ogid": "0",
          "ouid": "0",
          "rdev": "00:00"
        },
        {
          "dev": "08:01",
          "inode": "2366",
          "item": "1",
          "mode": "0100755",
          "name": "/lib64/ld-linux-x86-64.so.2",
          "nametype": "NORMAL",
          "ogid": "0",
          "ouid": "0",
          "rdev": "00:00"
        }
      ],
      "ecs": {
        "event": {
          "category": [
            "process"
          ],
          "type": [
            "start"
          ]
        }
      }
    }
  },
  {
    "test_name": "USER_ACCT",
    "event": {
      "@timestamp": "2017-04-26T15:17:01.115Z",
      "sequence": 21415,
      "category": "user-login",
      "record_type": "user_acct",
      "result": "success",
      "session": "unset",
      "summary": {
        "actor": {
          "primary": "unset",
          "secondary": "root"
        },
        "action": "was-authorized",
        "object": {
          "type": "user-session",
          "primary": "cron"
        },
        "how": "/usr/sbin/cron"
      },
      "user": {
        "ids": {
          "auid": "unset",
          "uid": "0"
        }
      },
      "process": {
        "pid": "10665",
        "exe": "/usr/sbin/cron"
      },
      "data": {
        "acct": "root",
        "op": "PAM:accounting",
        "terminal": "cron"
      },
      "ecs": {
        "event": {
          "category": [
            "authentication"
          ],
          "type": [
            "info"
          ]
        }
      }
    },
    "warnings": [
      "failed to set object secondary using keys=[addr hostname] because they were not found"
    ]
  },
  {
    "test_name": "USER_AUTH",
    "event": {
      "@timestamp": "2017-04-25T23:24:12.324Z",
      "sequence": 18669,
      "category": "user-login",
      "record_type": "user_auth",
      "result": "success",
      "session": "1",
      "summary": {
        "actor": {
          "primary": "1001",
          "secondary": "root"
        },
        "action": "authenticated",
        "object": {
          "type": "user-session",
          "primary": "/dev/pts/0"
        },
        "how": "/bin/su"
      },
      "user": {
        "ids": {
          "auid": "1001",
          "uid": "0"
        }
      },
      "process": {
        "pid": "9730",
        "exe": "/bin/su"
      },
      "data": {
        "acct": "root",
        "op": "PAM:authentication",
        "terminal": "/dev/pts/0"
      },
      "ecs": {
        "event": {
          "category": [
            "authentication"
          ],
          "type": [
            "info"
          ]
        }
      }
    },
    "warnings": [
      "failed to set object secondary using keys=[addr hostname] because they were not found"
    ]
  },
  {
    "test_name": "USER_CHAUTHTOK failed",
    "event": {
      "@timestamp": "2017-04-26T16:40:50.928Z",
      "sequence": 21878,
      "category": "user-login",
      "record_type": "user_chauthtok",
      "result": "fail",
      "session": "41",
      "summary": {
        "actor": {
          "primary": "1001",
          "secondary": "akroh"
        },
        "action": "changed-password",
        "object": {
          "type": "user-session",
          "primary": "pts/0"
        },
        "how": "/usr/bin/passwd"
      },
      "user": {
        "ids": {
          "auid": "1001",
          "uid": "1002"
        }
      },
      "process": {
        "pid": "10829",
        "exe": "/usr/bin/passwd"
      },
      "data": {
        "acct": "akroh",
        "op": "PAM:chauthtok",
        "terminal": "pts/0"
      },
      "ecs": {
        "event": {
          "category": [
            "iam"
          ],
          "type": [
            "user",
            "change"
          ]
        }
      }
    },
    "warnings": [
      "failed to set object secondary using keys=[addr hostname] because they were not found"
    ]
  },
  {
    "test_name": "USER_CMD",
    "event": {
      "@timestamp": "2017-04-25T23:24:12.304Z",
      "sequence": 18662,
      "category": "user-space",
      "record_type": "user_cmd",
      "result": "success",
      "session": "1",
      "summary": {
        "actor": {
          "primary": "1001",
          "secondary": "1001"
        },
        "action": "ran-command",
        "object": {
          "type": "process",
          "primary": "su"
        }
      },
      "user": {
        "ids": {
          "auid": "1001",
          "uid": "1001"
        }
      },
      "process": {
        "pid": "9729",
        "cwd": "/home/andrew_kroh"
      },
      "data": {
        "cmd": "su",
        "terminal": "pts/0"
      },
      "ecs": {
        "event": {
          "category": [
            "process"
          ],
          "type": [
            "start"
          ]
        }
      }
    }
  },
  {
    "test_name": "USER_END",
    "event": {
      "@timestamp": "2017-04-26T14:17:01.105Z",
      "sequence": 21265,
      "category": "user-login",
      "record_type": "user_end",
      "result": "success",
      "session": "38",
      "summary": {
        "actor": {
          "primary": "0",
          "secondary": "root"
        },
        "action": "ended-session",
        "object": {
          "type": "user-session",
          "primary": "cron"
        },
        "how": "/usr/sbin/cron"
      },
      "user": {
        "ids": {
          "auid": "0",
          "uid": "0"
        }
      },
      "process": {
        "pid": "10631",
        "exe": "/usr/sbin/cron"
      },
      "data": {
        "acct": "root",
        "op": "PAM:session_close",
        "terminal": "cron"
      },
      "ecs": {
        "event": {
          "category": [
            "authentication"
          ],
          "type": [
            "info"
          ]
        }
      }
    },
    "warnings": [
      "failed to set object secondary using keys=[addr hostname] because they were not found"
    ]
  },
  {
    "test_name": "USER_ERR",
    "event": {
      "@timestamp": "2017-04-26T15:16:59.739Z",
      "sequence": 21413,
      "category": "user-login",
      "record_type": "user_err",
      "result": "fail",
      "session": "unset",
      "summary": {
        "actor": {
          "primary": "unset",
          "secondary": "0"
        },
        "action": "error",
        "object": {
          "type": "user-session",
          "primary": "ssh",
          "secondary": "185.56.82.22"
        },
        "how": "/usr/sbin/sshd"
      },
      "user": {
        "ids": {
          "auid": "unset",
          "uid": "0"
        }
      },
      "process": {
        "pid": "10663",
        "exe": "/usr/sbin/sshd"
      },
      "source": {
        "ip": "185.56.82.22"
      },
      "network": {
        "direction": "inbound"
      },
      "data": {
        "hostname": "185.56.82.22",
        "op": "PAM:bad_ident",
        "terminal": "ssh"
      },
      "ecs": {
        "event": {
          "category": [
            "authentication"
          ],
          "type": [
            "info"
          ]
        }
      }
    }
  },
  {
    "test_name": "USER_LOGIN",
    "event": {
      "@timestamp": "2017-04-26T14:14:10.975Z",
      "sequence": 21203,
      "category": "user-login",
      "record_type": "user_login",
      "result": "fail",
      "session": "unset",
      "summary": {
        "actor": {
          "primary": "unset",
          "secondary": "(invalid user)"
        },
        "action": "logged-in",
        "object": {
          "type": "user-session",
          "primary": "sshd",
          "secondary": "31.207.47.36"
        },
        "how": "/usr/sbin/sshd"
      },
      "user": {
        "ids": {
          "auid": "unset",
          "uid": "0"
        }
      },
      "process": {
        "pid": "10617",
        "exe": "/usr/sbin/sshd"
      },
      "source": {
        "ip": "31.207.47.36"
      },
      "network": {
        "direction": "inbound"
      },
      "data": {
        "acct": "(invalid user)",
        "op": "login",
        "terminal": "sshd"
      },
      "ecs": {
        "event": {
          "category": [
            "authentication"
          ],
          "type": [
            "start"
          ]
        }
      }
    }
  },
  {
    "test_name": "USER_START",
    "event": {
      "@timestamp": "2017-04-26T15:17:01.115Z",
      "sequence": 21419,
      "category": "user-login",
      "record_type": "user_start",
      "result": "success",
      "session": "39",
      "summary": {
        "actor": {
          "primary": "0",
          "secondary": "root"
        },
        "action": "started-session",
        "object": {
          "type": "user-session",
          "primary": "cron"
        },
        "how": "/usr/sbin/cron"
      },
      "user": {
        "ids": {
          "auid": "0",
          "uid": "0"
        }
      },
      "process": {
        "pid": "10665",
        "exe": "/usr/sbin/cron"
      },
      "data": {
        "acct": "root",
        "op": "PAM:session_open",
        "terminal": "cron"
      },
      "ecs": {
        "event": {
          "category": [
            "authentication"
          ],
          "type": [
            "info"
          ]
        }
      }
    },
    "warnings": [
      "failed to set object secondary using keys=[addr hostname] because they were not found",
      "failed to set source IP using keys=[addr] because they were not found"
    ]
  },
  {
    "test_name": "getpeername syscall",
    "event": {
      "@timestamp": "2018-01-13T02:02:01.269Z",
      "sequence": 149790,
      "category": "audit-rule",
      "record_type": "syscall",
      "result": "success",
      "session": "unset",
      "tags": [
        "sockets"
      ],
      "summary": {
        "actor": {
          "primary": "unset",
          "secondary": "0"
        },
        "object": {},
        "how": "/usr/sbin/sshd"
      },
      "user": {
        "ids": {
          "auid": "unset",
          "egid": "0",
          "euid": "0",
          "fsgid": "0",
          "fsuid": "0",
          "gid": "0",
          "sgid": "0",
          "suid": "0",
          "uid": "0"
        }
      },
      "process": {
        "pid": "17669",
        "ppid": "1861",
        "title": "/usr/sbin/sshd -D -R",
        "name": "sshd",
        "exe": "/usr/sbin/sshd"
      },
      "data": {
        "a0": "3",
        "a1": "7f76e6e047e0",
        "a2": "7ffd77f198f8",
        "a3": "64",
        "arch": "x86_64",
        "exit": "0",
        "socket_addr": "54.36.214.69",
        "socket_family": "ipv4",
        "socket_port": "60192",
        "syscall": "getpeername",
        "tty": "(none)"
      },
      "ecs": {
        "event": {
          "category": [
            "process"
          ],
          "type": [
            "info"
          ]
        }
      }
    }
  },
  {
    "test_name": "getsockname syscall",
    "event": {
      "@timestamp": "2018-01-13T02:16:02.572Z",
      "sequence": 150881,
      "category": "audit-rule",
      "record_type": "syscall",
      "result": "success",
      "session": "unset",
      "tags": [
        "sockets"
      ],
      "summary": {
        "actor": {
          "primary": "unset",
          "secondary": "0"
        },
        "object": {},
        "how": "google_accounts"
      },
      "user": {
        "ids": {
          "auid": "unset",
          "egid": "0",
          "euid": "0",
          "fsgid": "0",
          "fsuid": "0",
          "gid": "0",
          "sgid": "0",
          "suid": "0",
          "uid": "0"
        }
      },
      "process": {
        "pid": "1878",
        "ppid": "1",
        "title": "/usr/bin/python3 /usr/bin/google_accounts_daemon",
        "name": "google_accounts",
        "exe": "/usr/bin/python3.5"
      },
      "data": {
        "a0": "5",
        "a1": "7ffd94f66ea8",
        "a2": "7ffd94f66fd0",
        "a3": "10",
        "arch": "x86_64",
        "exit": "0",
        "socket_addr": "10.142.0.2",
        "socket_family": "ipv4",
        "socket_port": "53989",
        "syscall": "getsockname",
        "tty": "(none)"
      },
      "ecs": {
        "event": {
          "category": [
            "process"
          ],
          "type": [
            "info"
          ]
        }
      }
    }
  },
  {
    "test_name": "rename syscall",
    "event": {
      "@timestamp": "2017-04-25T13:05:24.089Z",
      "sequence": 126,
      "category": "audit-rule",
      "record_type": "syscall",
      "result": "success",
      "session": "5",
      "tags": [
        "auditconfig"
      ],
      "summary": {
        "actor": {
          "primary": "1001",
          "secondary": "0"
        },
        "action": "renamed",
        "object": {
          "type": "file",
          "primary": "/etc/audit/rules.d/audit.rules"
        },
        "how": "/usr/bin/vim.basic"
      },
      "user": {
        "ids": {
          "auid": "1001",
          "egid": "0",
          "euid": "0",
          "fsgid": "0",
          "fsuid": "0",
          "gid": "0",
          "sgid": "0",
          "suid": "0",
          "uid": "0"
        }
      },
      "process": {
        "pid": "3231",
        "ppid": "3207",
        "title": "vim /etc/audit/rules.d/audit.rules",
        "name": "vim",
        "exe": "/usr/bin/vim.basic",
        "cwd": "/home/andrew_kroh"
      },
      "file": {
        "path": "/etc/audit/rules.d/audit.rules",
        "device": "00:00",
        "inode": "271112",
        "mode": "0640",
        "uid": "0",
        "gid": "0"
      },
      "data": {
        "a0": "55942f993060",
        "a1": "55942fb79090",
        "a2": "fffffffffffffeb0",
        "a3": "55942fb79090",
        "arch": "x86_64",
        "exit": "0",
        "syscall": "rename",
        "tty": "pts1"
      },
      "paths": [
        {
          "dev": "08:01",
          "inode": "271071",
          "item": "0",
          "mode": "040750",
          "name": "/etc/audit/rules.d/",
          "nametype": "PARENT",
          "ogid": "0",
          "ouid": "0",
          "rdev": "00:00"
        },
        {
          "dev": "08:01",
          "inode": "271071",
          "item": "1",
          "mode": "040750",
          "name": "/etc/audit/rules.d/",
          "nametype": "PARENT",
          "ogid": "0",
          "ouid": "0",
          "rdev": "00:00"
        },
        {
          "dev": "08:01",
          "inode": "271112",
          "item": "2",
          "mode": "0100640",
          "name": "/etc/audit/rules.d/audit.rules",
          "nametype": "DELETE",
          "ogid": "0",
          "ouid": "0",
          "rdev": "00:00"
        },
        {
          "dev": "08:01",
          "inode": "271112",
          "item": "3",
          "mode": "0100640",
          "name": "/etc/audit/rules.d/audit.rules~",
          "nametype": "CREATE",
          "ogid": "0",
          "ouid": "0",
          "rdev": "00:00"
        }
      ],
      "ecs": {
        "event": {
          "category": [
            "file"
          ],
          "type": [
            "change"
          ]
        }
      }
    }
  },
  {
    "test_name": "unlink syscall",
    "event": {
      "@timestamp": "2017-04-25T14:09:15.852Z",
      "sequence": 624,
      "category": "audit-rule",
      "record_type": "syscall",
      "result": "success",
      "session": "5",
      "tags": [
        "auditconfig"
      ],
      "summary": {
        "actor": {
          "primary": "1001",
          "secondary": "0"
        },
        "action": "deleted",
        "object": {
          "type": "file",
          "primary": "/etc/audit/rules.d/.audit.rules.swp"
        },
        "how": "/usr/bin/vim.basic"
      },
      "user": {
        "ids": {
          "auid": "1001",
          "egid": "0",
          "euid": "0",
          "fsgid": "0",
          "fsuid": "0",
          "gid": "0",
          "sgid": "0",
          "suid": "0",
          "uid": "0"
        }
      },
      "process": {
        "pid": "3346",
        "ppid": "3309",
        "title": "vim /etc/audit/rules.d/audit.rules",
        "name": "vim",
        "exe": "/usr/bin/vim.basic",
        "cwd": "/home/andrew_kroh"
      },
      "file": {
        "path": "/etc/audit/rules.d/.audit.rules.swp",
        "device": "00:00",
        "inode": "271044",
        "mode": "0640",
        "uid": "0",
        "gid": "0"
      },
      "data": {
        "a0": "55faa178f800",
        "a1": "1",
        "a2": "1",
        "a3": "7ffd21b026d0",
        "arch": "x86_64",
        "exit": "0",
        "syscall": "unlink",
        "tty": "pts1"
      },
      "paths": [
        {
          "dev": "08:01",
          "inode": "271071",
          "item": "0",
          "mode": "040750",
          "name": "/etc/audit/rules.d/",
          "nametype": "PARENT",
          "ogid": "0",
          "ouid": "0",
          "rdev": "00:00"
        },
        {
          "dev": "08:01",
          "inode": "271044",
          "item": "1",
          "mode": "0100640",
          "name": "/etc/audit/rules.d/.audit.rules.swp",
          "nametype": "DELETE",
          "ogid": "0",
          "ouid": "0",
          "rdev": "00:00"
        }
      ],
      "ecs": {
        "event": {
          "category": [
            "file"
          ],
          "type": [
            "deletion"
          ]
        }
      }
    }
  }
]
